Report 'report_power_summary': Power
Generated on Wed Jan 4 06:08:35 2023
  
---------------------------------------------------------------------------
|                        Power Summary (nanowatt)                         |
|-------------------------------------------------------------------------|
| Component          Internal Switching  Dynamic Leakage  Total   Percent | 
|-------------------------------------------------------------------------|
| Entire design       2363156    745231  3108387   57649  3166037  100.00 | 
|                                                                         | 
| Power of all cells  2363156    535221  2898377   57649  2956026   93.37 | 
|   Clock cells         27875      3383    31258     175    31433    0.99 | 
|   Data cells        2335225    531838  2867063   57474  2924537   92.37 | 
|     Combinational    288059    354751   642811   29350   672161   21.23 | 
|     Registers       2047110    177086  2224196   28124  2252320   71.14 | 
|     Macros                0         0        0       0        0    0.00 | 
|     Physical              0         0        0       0        0    0.00 | 
|                                                                         | 
| Power of all nets              210010   210010           210010    6.63 | 
|   Clock nets                    50754    50754            50754    1.60 | 
|     Clock leaves                50754    50754            50754    1.60 | 
|   Data nets                    159256   159256           159256    5.03 | 
---------------------------------------------------------------------------


info UI33: performed report_power_summary for 0 sec (CPU time: 0 sec; MEM: RSS - 351M, CVMEM - 1831M, PVMEM - 2633M)
-----------------------------------------------------------------------------------------------------------------------------------------------
| Corner     Enable Setup Hold  CRPR       SI   Power            EM   Voltage Drop DRC        Process                    RC Temp Scale Factor | 
|---------------------------------------------------------------------------------------------------------------------------------------------|
| slow       false  true  false setup_hold none leakage          none none         trans, cap new_rcmaster_techFreePDK45 25      1            | 
| fast       false  false false setup_hold none leakage          none none         trans, cap new_rcmaster_techFreePDK45 25      1            | 
| corner_0_0 true   true  true  setup_hold none leakage, dynamic none none         trans, cap new_rcmaster_techFreePDK45 25      1            | 
-----------------------------------------------------------------------------------------------------------------------------------------------


