Report 'report_power_summary': Power
Generated on Wed Jan 4 02:39:44 2023
  
--------------------------------------------------------------------------
|                        Power Summary (nanowatt)                        |
|------------------------------------------------------------------------|
| Component          Internal Switching  Dynamic Leakage  Total  Percent | 
|------------------------------------------------------------------------|
| Entire design        719718    237698   957415   23759  981174  100.00 | 
|                                                                        | 
| Power of all cells   719718    162640   882358   23759  906117   92.35 | 
|   Clock cells         49814     14577    64391     665   65056    6.63 | 
|   Data cells         669888    148063   817952   23094  841046   85.72 | 
|     Combinational    113345     95927   209272    9264  218535   22.27 | 
|     Registers        556533     52136   608670   13831  622500   63.44 | 
|     Macros                0         0        0       0       0    0.00 | 
|     Physical              0         0        0       0       0    0.00 | 
|                                                                        | 
| Power of all nets               75058    75058           75058    7.65 | 
|   Clock nets                    40353    40353           40353    4.11 | 
|     Clock leaves                39767    39767           39767    4.05 | 
|   Data nets                     34705    34705           34705    3.54 | 
--------------------------------------------------------------------------


info UI33: performed report_power_summary for 0 sec (CPU time: 0 sec; MEM: RSS - 358M, CVMEM - 1761M, PVMEM - 2633M)
------------------------------------------------------------------------------------------------------------------------------------------------
| Corner     Enable Setup Hold  CRPR       SI    Power            EM   Voltage Drop DRC        Process                    RC Temp Scale Factor | 
|----------------------------------------------------------------------------------------------------------------------------------------------|
| slow       false  true  false setup_hold none  leakage          none none         trans, cap new_rcmaster_techFreePDK45 25      1            | 
| fast       false  false false setup_hold none  leakage          none none         trans, cap new_rcmaster_techFreePDK45 25      1            | 
| corner_0_0 true   true  true  setup_hold delay leakage, dynamic none none         trans, cap new_rcmaster_techFreePDK45 25      1            | 
------------------------------------------------------------------------------------------------------------------------------------------------


