Report 'report_power_summary': Power
Generated on Fri Dec 23 16:12:27 2022
  
---------------------------------------------------------------------------
|                        Power Summary (nanowatt)                         |
|-------------------------------------------------------------------------|
| Component          Internal Switching  Dynamic Leakage  Total   Percent | 
|-------------------------------------------------------------------------|
| Entire design       3326924   4109796  7436720  198387  7635107  100.00 | 
|                                                                         | 
| Power of all cells  3326924   2836653  6163577  198387  6361965   83.33 | 
|   Clock cells         33891      3289    37180     171    37351    0.49 | 
|   Data cells        3292987   2833364  6126351  198216  6324567   82.84 | 
|     Combinational   2528338   2772814  5301152  188221  5489373   71.90 | 
|     Registers        761256     60550   821806    9995   831801   10.89 | 
|     Macros                0         0        0       0        0    0.00 | 
|     Physical              0         0        0       0        0    0.00 | 
|                                                                         | 
| Power of all nets             1273143  1273143          1273143   16.67 | 
|   Clock nets                    85263    85263            85263    1.12 | 
|     Clock leaves                83066    83066            83066    1.09 | 
|   Data nets                   1187879  1187879          1187879   15.56 | 
---------------------------------------------------------------------------


info UI33: performed report_power_summary for 0 sec (CPU time: 0 sec; MEM: RSS - 479M, CVMEM - 2194M, PVMEM - 2986M)
-----------------------------------------------------------------------------------------------------------------------------------------------
| Corner     Enable Setup Hold  CRPR       SI   Power            EM   Voltage Drop DRC        Process                    RC Temp Scale Factor | 
|---------------------------------------------------------------------------------------------------------------------------------------------|
| slow       false  true  false setup_hold none leakage          none none         trans, cap new_rcmaster_techFreePDK45 25      1            | 
| fast       false  false false setup_hold none leakage          none none         trans, cap new_rcmaster_techFreePDK45 25      1            | 
| corner_0_0 true   true  true  setup_hold none leakage, dynamic none none         trans, cap new_rcmaster_techFreePDK45 25      1            | 
-----------------------------------------------------------------------------------------------------------------------------------------------


