Report 'report_power_summary': Power
Generated on Fri Dec 23 16:13:43 2022
  
---------------------------------------------------------------------------
|                        Power Summary (nanowatt)                         |
|-------------------------------------------------------------------------|
| Component          Internal Switching  Dynamic Leakage  Total   Percent | 
|-------------------------------------------------------------------------|
| Entire design       3238296   4207761  7446056  200802  7646859  100.00 | 
|                                                                         | 
| Power of all cells  3238296   2849597  6087892  200802  6288695   82.24 | 
|   Clock cells         93396     17231   110627     764   111391    1.46 | 
|   Data cells        3144899   2832365  5977264  200038  6177303   80.78 | 
|     Combinational   2528186   2771815  5300001  190043  5490044   71.79 | 
|     Registers        613355     60550   673905    9995   683901    8.94 | 
|     Macros                0         0        0       0        0    0.00 | 
|     Physical              0         0        0       0        0    0.00 | 
|                                                                         | 
| Power of all nets             1358164  1358164          1358164   17.76 | 
|   Clock nets                   152814   152814           152814    2.00 | 
|     Clock leaves               120905   120905           120905    1.58 | 
|   Data nets                   1205350  1205350          1205350   15.76 | 
---------------------------------------------------------------------------


info UI33: performed report_power_summary for 0 sec (CPU time: 0 sec; MEM: RSS - 470M, CVMEM - 2133M, PVMEM - 2986M)
-----------------------------------------------------------------------------------------------------------------------------------------------
| Corner     Enable Setup Hold  CRPR       SI   Power            EM   Voltage Drop DRC        Process                    RC Temp Scale Factor | 
|---------------------------------------------------------------------------------------------------------------------------------------------|
| slow       false  true  false setup_hold none leakage          none none         trans, cap new_rcmaster_techFreePDK45 25      1            | 
| fast       false  false false setup_hold none leakage          none none         trans, cap new_rcmaster_techFreePDK45 25      1            | 
| corner_0_0 true   true  true  setup_hold none leakage, dynamic none none         trans, cap new_rcmaster_techFreePDK45 25      1            | 
-----------------------------------------------------------------------------------------------------------------------------------------------


